add 2017-07-26+16:39
edit 2017-07-26+17:05
